$0100 : PWM_Level                         : 1 bytes : D:\POE-Personal\FromGit\MultiSwitch\Firmwares\DC4_v2\PWM.alg
$0108 : PWM_Pos                           : 1 bytes : D:\POE-Personal\FromGit\MultiSwitch\Firmwares\DC4_v2\PWM.alg
$0109 : PWM_Effect_Counter                : 2 bytes : D:\POE-Personal\FromGit\MultiSwitch\Firmwares\DC4_v2\PWM.alg
$010B : RND                               : 1 bytes : D:\POE-Personal\FromGit\MultiSwitch\Firmwares\DC4_v2\RND.alg
$010C : EX_Key_Dreb_Cnt                   : 1 bytes : D:\POE-Personal\FromGit\MultiSwitch\Firmwares\DC4_v2\EX_Key.alg
$0114 : EX_Key_Hold_Cnt                   : 1 bytes : D:\POE-Personal\FromGit\MultiSwitch\Firmwares\DC4_v2\EX_Key.alg
$0115 : UARTs_Receive_Buffer              : 1 bytes : D:\POE-Personal\FromGit\MultiSwitch\Firmwares\DC4_v2\UARTs.alg
$0136 : UARTs_Receive_Buffer_Pointer      : 2 bytes : D:\POE-Personal\FromGit\MultiSwitch\Firmwares\DC4_v2\UARTs.alg
$0138 : UARTs_Receive_Pac_Counter         : 1 bytes : D:\POE-Personal\FromGit\MultiSwitch\Firmwares\DC4_v2\UARTs.alg
$0139 : UARTs_Transmit_Buffer             : 1 bytes : D:\POE-Personal\FromGit\MultiSwitch\Firmwares\DC4_v2\UARTs.alg
$0159 : UARTs_Transmit_IN_Buffer_Pointer  : 2 bytes : D:\POE-Personal\FromGit\MultiSwitch\Firmwares\DC4_v2\UARTs.alg
$015B : UARTs_Transmit_OUT_Buffer_Pointer : 2 bytes : D:\POE-Personal\FromGit\MultiSwitch\Firmwares\DC4_v2\UARTs.alg
$015D : UARTs_TX_Flag                     : 1 bytes : D:\POE-Personal\FromGit\MultiSwitch\Firmwares\DC4_v2\UARTs.alg
$015E : UARTs_RX_Flag                     : 1 bytes : D:\POE-Personal\FromGit\MultiSwitch\Firmwares\DC4_v2\UARTs.alg
$015F : UARTs_r16_temp                    : 1 bytes : D:\POE-Personal\FromGit\MultiSwitch\Firmwares\DC4_v2\UARTs.alg
$0160 : STimer_Counter                    : 1 bytes : D:\POE-Personal\FromGit\MultiSwitch\Firmwares\DC4_v2\STimer.alg
$0161 : STimer_Counter_Stop               : 1 bytes : D:\POE-Personal\FromGit\MultiSwitch\Firmwares\DC4_v2\STimer.alg
$0162 : r8_pacCounter                     : 1 bytes : D:\POE-Personal\FromGit\MultiSwitch\Firmwares\DC4_v2\r8.alg
$0163 : r8_type                           : 1 bytes : D:\POE-Personal\FromGit\MultiSwitch\Firmwares\DC4_v2\r8.alg
$0164 : r8_key                            : 1 bytes : D:\POE-Personal\FromGit\MultiSwitch\Firmwares\DC4_v2\r8.alg
$0165 : r8_data                           : 1 bytes : D:\POE-Personal\FromGit\MultiSwitch\Firmwares\DC4_v2\r8.alg
$0166 : iic_pacCounter                    : 1 bytes : D:\POE-Personal\FromGit\MultiSwitch\Firmwares\DC4_v2\iic.alg
$0167 : iic_pac                           : 1 bytes : D:\POE-Personal\FromGit\MultiSwitch\Firmwares\DC4_v2\iic.alg
$0167 : iic_type                          : 1 bytes : D:\POE-Personal\FromGit\MultiSwitch\Firmwares\DC4_v2\iic.alg
$0168 : iic_key                           : 1 bytes : D:\POE-Personal\FromGit\MultiSwitch\Firmwares\DC4_v2\iic.alg
$0169 : iic_data                          : 1 bytes : D:\POE-Personal\FromGit\MultiSwitch\Firmwares\DC4_v2\iic.alg
