$0100 : PWM_Level                        : 1 bytes : D:\work\MultiSwitch\Firmwares\Base_v2\PWM.alg
$0100 : PWM_Pos                          : 1 bytes : D:\work\MultiSwitch\Firmwares\Base_v2\PWM.alg
$0101 : PWM_Effect_Counter               : 2 bytes : D:\work\MultiSwitch\Firmwares\Base_v2\PWM.alg
$0103 : RND                              : 1 bytes : D:\work\MultiSwitch\Firmwares\Base_v2\RND.alg
$0104 : EX_Key_Dreb_Cnt                  : 1 bytes : D:\work\MultiSwitch\Firmwares\Base_v2\EX_Key.alg
$0106 : EX_Key_Hold_Cnt                  : 1 bytes : D:\work\MultiSwitch\Firmwares\Base_v2\EX_Key.alg
$0107 : EX_Enc_Dreb_Cnt                  : 1 bytes : D:\work\MultiSwitch\Firmwares\Base_v2\EX_Enc.alg
$0109 : EX_Enc_Flag                      : 1 bytes : D:\work\MultiSwitch\Firmwares\Base_v2\EX_Enc.alg
$010A : EX_Enc_Pos                       : 1 bytes : D:\work\MultiSwitch\Firmwares\Base_v2\EX_Enc.alg
$010B : UART_Z_temp                      : 2 bytes : D:\work\MultiSwitch\Firmwares\Base_v2\UART.alg
$010D : UART_Receive_Buffer              : 1 bytes : D:\work\MultiSwitch\Firmwares\Base_v2\UART.alg
$030E : UART_Receive_Buffer_Pointer      : 2 bytes : D:\work\MultiSwitch\Firmwares\Base_v2\UART.alg
$0310 : UART_Transmit_Buffer             : 1 bytes : D:\work\MultiSwitch\Firmwares\Base_v2\UART.alg
$0510 : UART_Transmit_IN_Buffer_Pointer  : 2 bytes : D:\work\MultiSwitch\Firmwares\Base_v2\UART.alg
$0512 : UART_Transmit_OUT_Buffer_Pointer : 2 bytes : D:\work\MultiSwitch\Firmwares\Base_v2\UART.alg
$0514 : UART_r16_temp                    : 1 bytes : D:\work\MultiSwitch\Firmwares\Base_v2\UART.alg
$0515 : STimer_Counter                   : 1 bytes : D:\work\MultiSwitch\Firmwares\Base_v2\STimer.alg
$0519 : STimer_Counter_Stop              : 1 bytes : D:\work\MultiSwitch\Firmwares\Base_v2\STimer.alg
$051D : iic_pacCounter                   : 1 bytes : D:\work\MultiSwitch\Firmwares\Base_v2\iic.alg
$051E : iic_pac                          : 1 bytes : D:\work\MultiSwitch\Firmwares\Base_v2\iic.alg
$051E : iic_type                         : 1 bytes : D:\work\MultiSwitch\Firmwares\Base_v2\iic.alg
$051F : iic_key                          : 1 bytes : D:\work\MultiSwitch\Firmwares\Base_v2\iic.alg
$0520 : iic_data                         : 1 bytes : D:\work\MultiSwitch\Firmwares\Base_v2\iic.alg
$0521 : ssd_Mods                         : 1 bytes : D:\work\MultiSwitch\Firmwares\Base_v2\ssd1306.alg
$0522 : ssd_Last_X                       : 1 bytes : D:\work\MultiSwitch\Firmwares\Base_v2\ssd1306.alg
$0523 : ssd_Last_Y                       : 1 bytes : D:\work\MultiSwitch\Firmwares\Base_v2\ssd1306.alg
$0524 : PRINT_Z_temp                     : 2 bytes : D:\work\MultiSwitch\Firmwares\Base_v2\Print.alg
$0526 : PRINT_Dec0_Flag                  : 1 bytes : D:\work\MultiSwitch\Firmwares\Base_v2\Print.alg
$0527 : PrintU_Z_temp                    : 2 bytes : D:\work\MultiSwitch\Firmwares\Base_v2\PrintU.alg
$0529 : PrintU_Dec0_Flag                 : 1 bytes : D:\work\MultiSwitch\Firmwares\Base_v2\PrintU.alg
$052A : ms_pacCounter                    : 1 bytes : D:\work\MultiSwitch\Firmwares\Base_v2\multis.alg
$052B : ms_type                          : 1 bytes : D:\work\MultiSwitch\Firmwares\Base_v2\multis.alg
$052C : ms_key                           : 1 bytes : D:\work\MultiSwitch\Firmwares\Base_v2\multis.alg
$052D : ms_data                          : 1 bytes : D:\work\MultiSwitch\Firmwares\Base_v2\multis.alg
$052E : ms_currentProg                   : 1 bytes : D:\work\MultiSwitch\Firmwares\Base_v2\multis.alg
$052F : ms_afterReset                    : 1 bytes : D:\work\MultiSwitch\Firmwares\Base_v2\multis.alg
$0530 : ms_mode                          : 1 bytes : D:\work\MultiSwitch\Firmwares\Base_v2\multis.alg
$0531 : ms_modePrev                      : 1 bytes : D:\work\MultiSwitch\Firmwares\Base_v2\multis.alg
$0532 : ms_blink                         : 1 bytes : D:\work\MultiSwitch\Firmwares\Base_v2\multis.alg
$0533 : ms_message                       : 1 bytes : D:\work\MultiSwitch\Firmwares\Base_v2\multis.alg
$054E : ms_Ztemp                         : 2 bytes : D:\work\MultiSwitch\Firmwares\Base_v2\multis.alg
$0550 : ms_objTable                      : 1 bytes : D:\work\MultiSwitch\Firmwares\Base_v2\multis.alg
$0750 : ms_objNumber                     : 1 bytes : D:\work\MultiSwitch\Firmwares\Base_v2\multis.alg
$0751 : ms_objCurrentScan                : 1 bytes : D:\work\MultiSwitch\Firmwares\Base_v2\multis.alg
$0752 : ms_posMenu                       : 1 bytes : D:\work\MultiSwitch\Firmwares\Base_v2\multis.alg
$0753 : ms_posBuild                      : 1 bytes : D:\work\MultiSwitch\Firmwares\Base_v2\multis.alg
$0754 : ms_posBuildAction                : 1 bytes : D:\work\MultiSwitch\Firmwares\Base_v2\multis.alg
$0755 : ms_posBuildActionEdit            : 1 bytes : D:\work\MultiSwitch\Firmwares\Base_v2\multis.alg
$0756 : ms_posManual                     : 1 bytes : D:\work\MultiSwitch\Firmwares\Base_v2\multis.alg
$0757 : ms_posFrame                      : 1 bytes : D:\work\MultiSwitch\Firmwares\Base_v2\multis.alg
$0758 : ms_posOnceCycle                  : 1 bytes : D:\work\MultiSwitch\Firmwares\Base_v2\multis.alg
$0759 : ms_posConditions                 : 1 bytes : D:\work\MultiSwitch\Firmwares\Base_v2\multis.alg
$075A : ms_posConditionsIF               : 1 bytes : D:\work\MultiSwitch\Firmwares\Base_v2\multis.alg
$075B : ms_posConditionsWork             : 1 bytes : D:\work\MultiSwitch\Firmwares\Base_v2\multis.alg
$075C : ms_posConditionsClick            : 1 bytes : D:\work\MultiSwitch\Firmwares\Base_v2\multis.alg
$075D : ms_pauseOnceCycle                : 1 bytes : D:\work\MultiSwitch\Firmwares\Base_v2\multis.alg
$075E : ms_sourceProg                    : 1 bytes : D:\work\MultiSwitch\Firmwares\Base_v2\multis.alg
$075F : ms_sourceProg_up                 : 1 bytes : D:\work\MultiSwitch\Firmwares\Base_v2\multis.alg
$0760 : ms_sourceProg_down               : 1 bytes : D:\work\MultiSwitch\Firmwares\Base_v2\multis.alg
$0761 : ms_preScan                       : 1 bytes : D:\work\MultiSwitch\Firmwares\Base_v2\multis.alg
$0762 : ADC_Level                        : 1 bytes : D:\work\MultiSwitch\Firmwares\Base_v2\ADC.alg
