$0100 : PWM_Level                        : 1 bytes : D:\Projects\MultiSwitch\Firmwares\MultiSwitch_MCU_base\PWM.alg
$0100 : PWM_Pos                          : 1 bytes : D:\Projects\MultiSwitch\Firmwares\MultiSwitch_MCU_base\PWM.alg
$0101 : PWM_Effect_Counter               : 2 bytes : D:\Projects\MultiSwitch\Firmwares\MultiSwitch_MCU_base\PWM.alg
$0103 : RND                              : 1 bytes : D:\Projects\MultiSwitch\Firmwares\MultiSwitch_MCU_base\RND.alg
$0104 : EX_Key_Dreb_Cnt                  : 1 bytes : D:\Projects\MultiSwitch\Firmwares\MultiSwitch_MCU_base\EX_Key.alg
$0106 : EX_Key_Hold_Cnt                  : 1 bytes : D:\Projects\MultiSwitch\Firmwares\MultiSwitch_MCU_base\EX_Key.alg
$0107 : EX_Enc_Dreb_Cnt                  : 1 bytes : D:\Projects\MultiSwitch\Firmwares\MultiSwitch_MCU_base\EX_Enc.alg
$0109 : EX_Enc_Flag                      : 1 bytes : D:\Projects\MultiSwitch\Firmwares\MultiSwitch_MCU_base\EX_Enc.alg
$010A : EX_Enc_Pos                       : 1 bytes : D:\Projects\MultiSwitch\Firmwares\MultiSwitch_MCU_base\EX_Enc.alg
$010B : UART_Z_temp                      : 2 bytes : D:\Projects\MultiSwitch\Firmwares\MultiSwitch_MCU_base\UART.alg
$010D : UART_Receive_Buffer              : 1 bytes : D:\Projects\MultiSwitch\Firmwares\MultiSwitch_MCU_base\UART.alg
$030E : UART_Receive_Buffer_Pointer      : 2 bytes : D:\Projects\MultiSwitch\Firmwares\MultiSwitch_MCU_base\UART.alg
$0310 : UART_Transmit_Buffer             : 1 bytes : D:\Projects\MultiSwitch\Firmwares\MultiSwitch_MCU_base\UART.alg
$0510 : UART_Transmit_IN_Buffer_Pointer  : 2 bytes : D:\Projects\MultiSwitch\Firmwares\MultiSwitch_MCU_base\UART.alg
$0512 : UART_Transmit_OUT_Buffer_Pointer : 2 bytes : D:\Projects\MultiSwitch\Firmwares\MultiSwitch_MCU_base\UART.alg
$0514 : UART_r16_temp                    : 1 bytes : D:\Projects\MultiSwitch\Firmwares\MultiSwitch_MCU_base\UART.alg
$0515 : STimer_Counter                   : 1 bytes : D:\Projects\MultiSwitch\Firmwares\MultiSwitch_MCU_base\STimer.alg
$0519 : STimer_Counter_Stop              : 1 bytes : D:\Projects\MultiSwitch\Firmwares\MultiSwitch_MCU_base\STimer.alg
$051D : ssd_Mods                         : 1 bytes : D:\Projects\MultiSwitch\Firmwares\MultiSwitch_MCU_base\ssd1306.alg
$051E : ssd_Last_X                       : 1 bytes : D:\Projects\MultiSwitch\Firmwares\MultiSwitch_MCU_base\ssd1306.alg
$051F : ssd_Last_Y                       : 1 bytes : D:\Projects\MultiSwitch\Firmwares\MultiSwitch_MCU_base\ssd1306.alg
$0520 : PRINT_Z_temp                     : 2 bytes : D:\Projects\MultiSwitch\Firmwares\MultiSwitch_MCU_base\Print.alg
$0522 : PRINT_Dec0_Flag                  : 1 bytes : D:\Projects\MultiSwitch\Firmwares\MultiSwitch_MCU_base\Print.alg
$0523 : PrintU_Z_temp                    : 2 bytes : D:\Projects\MultiSwitch\Firmwares\MultiSwitch_MCU_base\PrintU.alg
$0525 : PrintU_Dec0_Flag                 : 1 bytes : D:\Projects\MultiSwitch\Firmwares\MultiSwitch_MCU_base\PrintU.alg
$0526 : ms_currentProg                   : 1 bytes : D:\Projects\MultiSwitch\Firmwares\MultiSwitch_MCU_base\multis.alg
$0527 : ms_afterReset                    : 1 bytes : D:\Projects\MultiSwitch\Firmwares\MultiSwitch_MCU_base\multis.alg
$0528 : ms_mode                          : 1 bytes : D:\Projects\MultiSwitch\Firmwares\MultiSwitch_MCU_base\multis.alg
$0529 : ms_modePrev                      : 1 bytes : D:\Projects\MultiSwitch\Firmwares\MultiSwitch_MCU_base\multis.alg
$052A : ms_blink                         : 1 bytes : D:\Projects\MultiSwitch\Firmwares\MultiSwitch_MCU_base\multis.alg
$052B : ms_message                       : 1 bytes : D:\Projects\MultiSwitch\Firmwares\MultiSwitch_MCU_base\multis.alg
$0546 : ms_Ztemp                         : 2 bytes : D:\Projects\MultiSwitch\Firmwares\MultiSwitch_MCU_base\multis.alg
$0548 : ms_objTable                      : 1 bytes : D:\Projects\MultiSwitch\Firmwares\MultiSwitch_MCU_base\multis.alg
$0748 : ms_objNumber                     : 1 bytes : D:\Projects\MultiSwitch\Firmwares\MultiSwitch_MCU_base\multis.alg
$0749 : ms_objCurrentScan                : 1 bytes : D:\Projects\MultiSwitch\Firmwares\MultiSwitch_MCU_base\multis.alg
$074A : ms_posMenu                       : 1 bytes : D:\Projects\MultiSwitch\Firmwares\MultiSwitch_MCU_base\multis.alg
$074B : ms_posBuild                      : 1 bytes : D:\Projects\MultiSwitch\Firmwares\MultiSwitch_MCU_base\multis.alg
$074C : ms_posBuildAction                : 1 bytes : D:\Projects\MultiSwitch\Firmwares\MultiSwitch_MCU_base\multis.alg
$074D : ms_posBuildActionEdit            : 1 bytes : D:\Projects\MultiSwitch\Firmwares\MultiSwitch_MCU_base\multis.alg
$074E : ms_posManual                     : 1 bytes : D:\Projects\MultiSwitch\Firmwares\MultiSwitch_MCU_base\multis.alg
$074F : ms_posFrame                      : 1 bytes : D:\Projects\MultiSwitch\Firmwares\MultiSwitch_MCU_base\multis.alg
$0750 : ms_posOnceCycle                  : 1 bytes : D:\Projects\MultiSwitch\Firmwares\MultiSwitch_MCU_base\multis.alg
$0751 : ms_posConditions                 : 1 bytes : D:\Projects\MultiSwitch\Firmwares\MultiSwitch_MCU_base\multis.alg
$0752 : ms_posConditionsIF               : 1 bytes : D:\Projects\MultiSwitch\Firmwares\MultiSwitch_MCU_base\multis.alg
$0753 : ms_posConditionsWork             : 1 bytes : D:\Projects\MultiSwitch\Firmwares\MultiSwitch_MCU_base\multis.alg
$0754 : ms_posConditionsClick            : 1 bytes : D:\Projects\MultiSwitch\Firmwares\MultiSwitch_MCU_base\multis.alg
$0755 : ms_pauseOnceCycle                : 1 bytes : D:\Projects\MultiSwitch\Firmwares\MultiSwitch_MCU_base\multis.alg
$0756 : ms_sourseProg                    : 1 bytes : D:\Projects\MultiSwitch\Firmwares\MultiSwitch_MCU_base\multis.alg
$0757 : ms_sourseProg_up                 : 1 bytes : D:\Projects\MultiSwitch\Firmwares\MultiSwitch_MCU_base\multis.alg
$0758 : ms_sourseProg_down               : 1 bytes : D:\Projects\MultiSwitch\Firmwares\MultiSwitch_MCU_base\multis.alg
$0759 : ms_preScan                       : 1 bytes : D:\Projects\MultiSwitch\Firmwares\MultiSwitch_MCU_base\multis.alg
$075A : ADC_Level                        : 1 bytes : D:\Projects\MultiSwitch\Firmwares\MultiSwitch_MCU_base\ADC.alg
